15 60
s   s   s   s   s   s   s   s   s   s   s   s   s   s   s
  s   s   s   s   s   s   s   s   s   s   s   s   s   s   s
s   s   s   s   s   s   s   s   s   s   s   s   s   s   s
  s   s   s   s   s   s   s   s   s   s   s   s   s   s   s
s   s   s   s   s   s   s   s   s   s   s   s   s   s   s
  s   s   s   s   s   s   s   s   s   s   s   s   s   s   s
s   s   s   s   s   s   s   s   s   s   s   s   s   s   s
  s   s   s   s   s   s   s   s   s   s   s   s   s   s   s
s   s   s   s   s   s   s   s   s   s   s   s   s   s   s
  s   s   s   s   s   s   s   s   s   s   s   s   s   s   s
s   s   s   s   m   s   s   s   s   s   s   s   s   s   s
  s   s   s   m   m   s   s   s   s   s   s   s   s   s   s
s   s   s   m   s   m   s   s   s   s   s   s   s   s   s
  s   s   s   s   s   s   s   s   s   s   s   s   s   s   s
s   s   s   m   s   m   s   s   s   s   s   s   s   s   s
  s   s   s   s   s   s   s   s   s   s   s   s   s   s   s
s   s   s   m   s   s   s   s   s   s   s   s   s   s   s
  s   s   s   m   m   s   s   s   s   s   s   s   s   s   s
s   s   s   s   m   s   s   s   s   s   s   s   s   s   s
  s   s   s   s   s   s   s   s   s   s   s   s   s   s   s
s   s   s   s   s   s   s   s   s   s   s   s   s   s   s
  s   s   s   s   s   s   s   s   s   s   s   s   s   s   s
s   s   s   s   s   s   s   s   s   s   s   s   s   s   s
  s   s   s   s   s   s   s   s   s   s   s   s   s   s   s
s   s   s   s   s   s   s   s   s   s   s   s   s   s   s
  s   s   s   s   s   s   s   s   s   s   s   s   s   s   s
s   s   s   s   s   s   s   s   s   s   s   s   s   s   s
  s   s   s   s   s   s   s   s   s   s   s   s   s   s   s
s   s   s   s   s   s   s   s   s   s   s   s   s   s   s
  s   s   s   s   s   s   s   s   s   s   s   s   s   s   s
s   s   s   s   s   s   s   s   s   s   s   s   s   s   s
  s   s   s   s   s   s   s   s   s   s   s   s   s   s   s
s   s   s   s   s   s   s   s   s   s   s   s   s   s   s
  s   s   s   s   s   s   s   s   s   s   s   s   s   s   s
s   s   s   s   s   s   s   s   s   s   s   s   s   s   s
  s   s   s   s   s   s   s   s   s   s   s   s   s   s   s
s   s   s   s   s   s   s   s   s   s   s   s   s   s   s
  s   s   s   s   s   s   s   s   s   s   s   s   s   s   s
s   s   s   s   s   s   s   s   s   s   s   s   s   s   s
  s   s   s   s   s   s   s   s   s   s   s   s   s   s   s
s   s   s   s   s   s   s   s   s   s   s   s   s   s   s
  s   s   s   s   s   s   s   s   s   s   s   s   s   s   s
s   s   s   s   s   s   s   s   s   s   s   s   s   s   s
  s   s   s   s   s   s   s   s   s   s   s   s   s   s   s
s   s   s   s   s   s   s   s   s   s   s   s   s   s   s
  s   s   s   s   s   s   s   s   s   s   s   s   s   s   s
s   s   s   s   s   s   s   s   s   s   s   s   s   s   s
  s   s   s   s   s   s   s   s   s   s   s   s   s   s   s
s   s   s   s   s   s   s   s   s   s   s   s   s   s   s
  s   s   s   s   s   s   s   s   s   s   s   s   s   s   s
s   s   s   s   s   s   s   s   s   s   s   s   s   s   s
  s   s   s   s   s   s   s   s   s   s   s   s   s   s   s
s   s   s   s   s   s   s   s   s   s   s   s   s   s   s
  s   s   s   s   s   s   s   s   s   s   s   s   s   s   s
s   s   s   s   s   s   s   s   s   s   s   s   s   s   s
  s   s   s   s   s   s   s   s   s   s   s   s   s   s   s
s   s   s   s   s   s   s   s   s   s   s   s   s   s   s
  s   s   s   s   s   s   s   s   s   s   s   s   s   s   s
s   s   s   s   s   s   s   s   s   s   s   s   s   s   s
  s   s   s   s   s   s   s   s   s   s   s   s   s   s   s
